#-----------------------------------------------------------
# Vivado v2021.1 (64-bit)
# SW Build 3247384 on Thu Jun 10 19:36:33 MDT 2021
# IP Build 3246043 on Fri Jun 11 00:30:35 MDT 2021
# Start of session at: Sat May  7 15:07:06 2022
# Process ID: 1196
# Current directory: C:/Users/Wentao Wang/Desktop/20220424lab5
# Command line: vivado.exe -gui_launcher_event rodinguilauncherevent44416 C:\Users\Wentao Wang\Desktop\20220424lab5\20220424lab5.xpr
# Log file: C:/Users/Wentao Wang/Desktop/20220424lab5/vivado.log
# Journal file: C:/Users/Wentao Wang/Desktop/20220424lab5\vivado.jou
#-----------------------------------------------------------
start_gui
open_project {C:/Users/Wentao Wang/Desktop/20220424lab5/20220424lab5.xpr}
update_compile_order -fileset sources_1
launch_simulation
reset_run synth_1
launch_runs synth_1 -jobs 6
wait_on_run synth_1
open_run synth_1 -name synth_1
launch_simulation
open_wave_config {C:/Users/Wentao Wang/Desktop/20220424lab5/TestBench_behav.wcfg}
source TestBench.tcl
close_sim
