#-----------------------------------------------------------
# Vivado v2020.1 (64-bit)
# SW Build 2902540 on Wed May 27 19:54:49 MDT 2020
# IP Build 2902112 on Wed May 27 22:43:36 MDT 2020
# Start of session at: Wed Aug  4 11:19:19 2021
# Process ID: 6612
# Current directory: D:/OneDrive - The Pennsylvania State University/Penn State Summer 2021/CE 331/Lab/Lab 5/CPU_Proj
# Command line: vivado.exe -gui_launcher_event rodinguilauncherevent2496 D:\OneDrive - The Pennsylvania State University\Penn State Summer 2021\CE 331\Lab\Lab 5\CPU_Proj\CPU_Proj.xpr
# Log file: D:/OneDrive - The Pennsylvania State University/Penn State Summer 2021/CE 331/Lab/Lab 5/CPU_Proj/vivado.log
# Journal file: D:/OneDrive - The Pennsylvania State University/Penn State Summer 2021/CE 331/Lab/Lab 5/CPU_Proj\vivado.jou
#-----------------------------------------------------------
start_gui
open_project {D:/OneDrive - The Pennsylvania State University/Penn State Summer 2021/CE 331/Lab/Lab 5/CPU_Proj/CPU_Proj.xpr}
update_compile_order -fileset sources_1
reset_run synth_1
launch_runs synth_1 -jobs 2
wait_on_run synth_1
open_run synth_1 -name synth_1
reset_run synth_1
launch_runs synth_1 -jobs 2
wait_on_run synth_1
close_design
open_run synth_1 -name synth_1
